
> suplementos@0.1.0 backfill:dynamic:price-stats
> tsx scripts/backfillDynamicPriceStats.ts

Backfill de estatisticas de preco para 6854 produtos
Lote 1/28 concluido
Lote 2/28 concluido
Lote 3/28 concluido
Lote 4/28 concluido
Lote 5/28 concluido
Lote 6/28 concluido
Lote 7/28 concluido
Lote 8/28 concluido
Lote 9/28 concluido
Lote 10/28 concluido
Lote 11/28 concluido
Lote 12/28 concluido
Lote 13/28 concluido
Lote 14/28 concluido
Lote 15/28 concluido
Lote 16/28 concluido
Lote 17/28 concluido
Lote 18/28 concluido
Lote 19/28 concluido
Lote 20/28 concluido
Lote 21/28 concluido
Lote 22/28 concluido
Lote 23/28 concluido
Lote 24/28 concluido
Lote 25/28 concluido
Lote 26/28 concluido
Lote 27/28 concluido
Lote 28/28 concluido
Backfill concluido
